// Jest Snapshot v1, https://goo.gl/fbAQLP

exports[`Welcome to snapshot testing 1`] = `
<div>
  <h1>
    Varaukset
  </h1>
  <div
    className="table-responsive"
  >
    <table
      className="table table-striped table-hover"
    >
      <thead>
        <tr>
          <th>
            #
          </th>
          <th>
            Alkamisaika
          </th>
          <th>
            Loppumisaika
          </th>
          <th>
            Kone
          </th>
          <th>
            Lennon tyyppi
          </th>
        </tr>
      </thead>
      <tbody>
        <tr />
      </tbody>
    </table>
  </div>
</div>
`;
